// Jest Snapshot v1, https://goo.gl/fbAQLP

exports[`renders correctly 1`] = `
<div>
  <button
    id="smartDeviceButton"
    onClick={[Function]}
    type="button"
  >
    Connect Device
  </button>
</div>
`;
